

================================================================
== Synthesis Summary Report of 'crypt_message'
================================================================
+ General Information: 
    * Date:           Sat Jun 28 17:21:30 2025
    * Version:        2022.2 (Build 3670227 on Oct 13 2022)
    * Project:        vitis_hls
    * Solution:       solution1 (Vivado IP Flow Target)
    * Product family: virtex7
    * Target device:  xc7vx485t-ffg1761-2
    

+ Performance & Resource Estimates: 
    
    PS: '+' for module; 'o' for loop; '*' for dataflow
    +-----------------+------+-------+---------+--------+----------+---------+------+----------+------+----+---+-----------+-----+
    |     Modules     | Issue|       | Latency | Latency| Iteration|         | Trip |          |      |    |   |           |     |
    |     & Loops     | Type | Slack | (cycles)|  (ns)  |  Latency | Interval| Count| Pipelined| BRAM | DSP| FF|    LUT    | URAM|
    +-----------------+------+-------+---------+--------+----------+---------+------+----------+------+----+---+-----------+-----+
    |+ crypt_message  |     -|  34.33|        0|   0.000|         -|        1|     -|        no|     -|   -|  -|  112 (~0%)|    -|
    +-----------------+------+-------+---------+--------+----------+---------+------+----------+------+----+---+-----------+-----+


================================================================
== HW Interfaces
================================================================
* Other Ports
+-----------------+---------+----------+
| Interface       | Mode    | Bitwidth |
+-----------------+---------+----------+
| ap_return       |         | 64       |
| encrypt_decrypt | ap_none | 1        |
| key             | ap_none | 16       |
| message         | ap_none | 64       |
+-----------------+---------+----------+

* TOP LEVEL CONTROL
+-----------+------------+-----------------------------------+
| Interface | Type       | Ports                             |
+-----------+------------+-----------------------------------+
| ap_ctrl   | ap_ctrl_hs | ap_done ap_idle ap_ready ap_start |
+-----------+------------+-----------------------------------+


================================================================
== SW I/O Information
================================================================
* Top Function Arguments
+-----------------+-----------+------------+
| Argument        | Direction | Datatype   |
+-----------------+-----------+------------+
| encrypt_decrypt | in        | bool       |
| message         | in        | ap_int<64> |
| key             | in        | ap_int<16> |
| return          | out       | ap_int<64> |
+-----------------+-----------+------------+

* SW-to-HW Mapping
+-----------------+-----------------+---------+
| Argument        | HW Interface    | HW Type |
+-----------------+-----------------+---------+
| encrypt_decrypt | encrypt_decrypt | port    |
| message         | message         | port    |
| key             | key             | port    |
| return          | ap_return       | port    |
+-----------------+-----------------+---------+


================================================================
== Bind Op Report
================================================================
  No bind op info in design

================================================================
== Bind Storage Report
================================================================
  No bind storage info in design

================================================================
== Pragma Report
================================================================
* Valid Pragma Syntax
+--------+---------+--------------------------------+
| Type   | Options | Location                       |
+--------+---------+--------------------------------+
| unroll |         | ../cbc.cpp:19 in crypt_message |
| inline |         | ../cbc.cpp:23 in crypt_message |
+--------+---------+--------------------------------+


