

================================================================
== Vitis HLS Report for 'crypt_message'
================================================================
* Date:           Sat Jun 28 17:21:30 2025

* Version:        2022.2 (Build 3670227 on Oct 13 2022)
* Project:        vitis_hls
* Solution:       solution1 (Vivado IP Flow Target)
* Product family: virtex7
* Target device:  xc7vx485t-ffg1761-2


================================================================
== Performance Estimates
================================================================
+ Timing: 
    * Summary: 
    +--------+----------+----------+------------+
    |  Clock |  Target  | Estimated| Uncertainty|
    +--------+----------+----------+------------+
    |ap_clk  |  50.00 ns|  2.168 ns|    13.50 ns|
    +--------+----------+----------+------------+

+ Latency: 
    * Summary: 
    +---------+---------+----------+----------+-----+-----+---------+
    |  Latency (cycles) |  Latency (absolute) |  Interval | Pipeline|
    |   min   |   max   |    min   |    max   | min | max |   Type  |
    +---------+---------+----------+----------+-----+-----+---------+
    |        0|        0|      0 ns|      0 ns|    1|    1|       no|
    +---------+---------+----------+----------+-----+-----+---------+

    + Detail: 
        * Instance: 
        N/A

        * Loop: 
        N/A



================================================================
== Utilization Estimates
================================================================
* Summary: 
+-----------------+---------+------+--------+--------+-----+
|       Name      | BRAM_18K|  DSP |   FF   |   LUT  | URAM|
+-----------------+---------+------+--------+--------+-----+
|DSP              |        -|     -|       -|       -|    -|
|Expression       |        -|     -|       0|     112|    -|
|FIFO             |        -|     -|       -|       -|    -|
|Instance         |        -|     -|       -|       -|    -|
|Memory           |        -|     -|       -|       -|    -|
|Multiplexer      |        -|     -|       -|       -|    -|
|Register         |        -|     -|       -|       -|    -|
+-----------------+---------+------+--------+--------+-----+
|Total            |        0|     0|       0|     112|    0|
+-----------------+---------+------+--------+--------+-----+
|Available        |     2060|  2800|  607200|  303600|    0|
+-----------------+---------+------+--------+--------+-----+
|Utilization (%)  |        0|     0|       0|      ~0|    0|
+-----------------+---------+------+--------+--------+-----+

+ Detail: 
    * Instance: 
    N/A

    * DSP: 
    N/A

    * Memory: 
    N/A

    * FIFO: 
    N/A

    * Expression: 
    +------------------------+----------+----+---+----+------------+------------+
    |      Variable Name     | Operation| DSP| FF| LUT| Bitwidth P0| Bitwidth P1|
    +------------------------+----------+----+---+----+------------+------------+
    |next_key_V_1_fu_98_p3   |    select|   0|  0|  16|           1|          16|
    |next_key_V_2_fu_122_p3  |    select|   0|  0|  16|           1|          16|
    |next_key_V_fu_74_p3     |    select|   0|  0|  16|           1|          16|
    |ret_1_fu_92_p2          |       xor|   0|  0|  16|          16|          16|
    |ret_2_fu_116_p2         |       xor|   0|  0|  16|          16|          16|
    |ret_3_fu_140_p2         |       xor|   0|  0|  16|          16|          16|
    |ret_fu_68_p2            |       xor|   0|  0|  16|          16|          16|
    +------------------------+----------+----+---+----+------------+------------+
    |Total                   |          |   0|  0| 112|          67|         112|
    +------------------------+----------+----+---+----+------------+------------+

    * Multiplexer: 
    N/A

    * Register: 
    N/A



================================================================
== Interface
================================================================
* Summary: 
+-----------------+-----+-----+------------+-----------------+--------------+
|    RTL Ports    | Dir | Bits|  Protocol  |  Source Object  |    C Type    |
+-----------------+-----+-----+------------+-----------------+--------------+
|ap_start         |   in|    1|  ap_ctrl_hs|    crypt_message|  return value|
|ap_done          |  out|    1|  ap_ctrl_hs|    crypt_message|  return value|
|ap_idle          |  out|    1|  ap_ctrl_hs|    crypt_message|  return value|
|ap_ready         |  out|    1|  ap_ctrl_hs|    crypt_message|  return value|
|ap_return        |  out|   64|  ap_ctrl_hs|    crypt_message|  return value|
|encrypt_decrypt  |   in|    1|     ap_none|  encrypt_decrypt|        scalar|
|message          |   in|   64|     ap_none|          message|        scalar|
|key              |   in|   16|     ap_none|              key|        scalar|
+-----------------+-----+-----+------------+-----------------+--------------+

